[m.facebook.com/index.html]
[backblue.gif]
[fade.gif]
[index.html]
[static.xx.fbcdn.net/rsrc.php/v3/ya/r/O2aKM2iSbOw.png]
[static.xx.fbcdn.net/rsrc.php/v3/y2/l/0,cross/QzsHSoWJZTl.css]
[static.xx.fbcdn.net/rsrc.php/v3/yx/l/0,cross/fTx62VEfv41.css]
[static.xx.fbcdn.net/rsrc.php/v3/yt/l/0,cross/S5zV7mCCUXS.css]
[static.xx.fbcdn.net/rsrc.php/v3/ys/l/0,cross/RWAN3d_LMcN.css]
[static.xx.fbcdn.net/rsrc.php/v3/yK/l/0,cross/rfgMGMgNRkd.css]
[static.xx.fbcdn.net/rsrc.php/v3/yn/l/0,cross/hz3g_Eyq7UF.css]
[static.xx.fbcdn.net/rsrc.php/v3/yf/l/0,cross/xYtHz7qxWMi.css]
[static.xx.fbcdn.net/rsrc.php/v3/yR/l/0,cross/wtqBAdlHewn.css]
[static.xx.fbcdn.net/rsrc.php/v3/yP/l/0,cross/HysQDcSDOWr.css]
[static.xx.fbcdn.net/rsrc.php/v3innb4/yX/l/en_GB/9I3F7fH72Zx.js]
[m.facebook.com/policies/cookies/index3b02.html]
[m.facebook.com/login/index3b02.html]
[m.facebook.com/reg/indexe272.html]
[fbsbx.com/security/hsts-pixel.gif]
[m.facebook.com/help/index3b02.html]
[m.facebook.com/indexfda4.html]
[m.facebook.com/language3aec.html]
[m.facebook.com/6u57]
[m.facebook.com/index.html]
[static.xx.fbcdn.net/rsrc.php/v3/yC/r/_oEuhC7SNbB.png]
[static.xx.fbcdn.net/rsrc.php/v3/y2/l/0,cross/QzsHSoWJZTl.css]
[static.xx.fbcdn.net/rsrc.php/v3/yP/r/5078jrXbKGg.png]
[static.xx.fbcdn.net/rsrc.php/v3/yP/r/vC07guQiQvb.png]
[static.xx.fbcdn.net/rsrc.php/v3/y9/r/sz8oQ6Va-gC.png]
[static.xx.fbcdn.net/rsrc.php/v3/yp/r/9-eRvr3lUxT.png]
[static.xx.fbcdn.net/rsrc.php/v3/yE/r/2ARUGuFPs64.png]
[static.xx.fbcdn.net/rsrc.php/v3/yY/r/kla8kCbPbQ5.png]
[static.xx.fbcdn.net/rsrc.php/v3/ya/r/N4oCzTLOH4C.png]
[static.xx.fbcdn.net/rsrc.php/v3/yA/r/RE0IOL553Vn.png]
[static.xx.fbcdn.net/rsrc.php/v3/y5/r/b3rgX9UqSk9.png]
[static.xx.fbcdn.net/rsrc.php/v3/yi/r/T-AIr0QQEf3.png]
[static.xx.fbcdn.net/rsrc.php/v3/yE/r/G-97FCXI3BL.png]
[static.xx.fbcdn.net/rsrc.php/v3/yo/r/ca0biHvIb_g.png]
[static.xx.fbcdn.net/rsrc.php/v3/yt/r/5Hj_XVDKajI.png]
[static.xx.fbcdn.net/rsrc.php/v3/yF/r/dp6Rsb1OSsn.png]
[static.xx.fbcdn.net/rsrc.php/v3/yg/r/pk7vCdVc8yc.png]
[static.xx.fbcdn.net/rsrc.php/v3/y-/r/jIp0Qd9iyZ4.png]
[static.xx.fbcdn.net/rsrc.php/v3/y0/r/jneqctkjrWN.png]
[static.xx.fbcdn.net/rsrc.php/v3/yU/r/8kx53Umqx3z.png]
[static.xx.fbcdn.net/rsrc.php/v3/yk/r/kFrYAkdPM_D.png]
[static.xx.fbcdn.net/rsrc.php/v3/yx/l/0,cross/fTx62VEfv41.css]
[static.xx.fbcdn.net/rsrc.php/v3/yF/r/4Kua_NS2pUD.png]
[static.xx.fbcdn.net/rsrc.php/v3/yt/l/0,cross/S5zV7mCCUXS.css]
[static.xx.fbcdn.net/rsrc.php/v3/ys/l/0,cross/RWAN3d_LMcN.css]
[static.xx.fbcdn.net/rsrc.php/v3/yo/r/XBCUomxhDiF.png]
[static.xx.fbcdn.net/rsrc.php/v3/yJ/r/1rzuuosBAwu.png]
[static.xx.fbcdn.net/rsrc.php/v3/yw/r/pZxJSPaDlYQ.png]
[static.xx.fbcdn.net/rsrc.php/v3/yk/r/gdnXgPvDSyi.png]
[static.xx.fbcdn.net/rsrc.php/v3/yq/r/c89D1q5SAoL.png]
[static.xx.fbcdn.net/rsrc.php/v3/yp/r/Jx6wVL1K7-U.png]
[static.xx.fbcdn.net/rsrc.php/v3/yq/r/vjaT3xonyqO.png]
[static.xx.fbcdn.net/rsrc.php/v3/yq/r/fW4a97u9P_G.png]
[static.xx.fbcdn.net/rsrc.php/v3/y2/r/tKhN3cqRM8O.png]
[static.xx.fbcdn.net/rsrc.php/v3/yZ/r/o_IL2L3u_y3.png]
[static.xx.fbcdn.net/rsrc.php/v3/yt/r/i-zF3IUJeyX.png]
[static.xx.fbcdn.net/rsrc.php/v3/yB/r/pE5lZAdwgqe.png]
[static.xx.fbcdn.net/rsrc.php/v3/y_/r/xsyzLWOTumW.png]
[static.xx.fbcdn.net/rsrc.php/v3/yu/r/mvXEP03v0wd.png]
[static.xx.fbcdn.net/rsrc.php/v3/y3/r/FESwh73-__U.png]
[static.xx.fbcdn.net/rsrc.php/v3/yq/r/lAVlcOM0qX3.png]
[static.xx.fbcdn.net/rsrc.php/v3/yK/l/0,cross/rfgMGMgNRkd.css]
[static.xx.fbcdn.net/rsrc.php/v3/ys/r/CQEEOB__Ayw.png]
[static.xx.fbcdn.net/rsrc.php/v3/ys/r/lihbQADwjR8.png]
[static.xx.fbcdn.net/rsrc.php/v3/yO/r/jJ1ycxKha6D.png]
[static.xx.fbcdn.net/rsrc.php/v3/yN/r/htxyXgNVeN5.png]
[static.xx.fbcdn.net/rsrc.php/v3/yp/r/_sWEGokY3En.png]
[static.xx.fbcdn.net/rsrc.php/v3/yX/r/xUYcwHEFdUO.png]
[static.xx.fbcdn.net/rsrc.php/v3/yU/r/KeydAvho4wu.png]
[static.xx.fbcdn.net/rsrc.php/v3/yy/r/4a0zJ0ad-7B.png]
[static.xx.fbcdn.net/rsrc.php/v3/yr/r/23PXcErMHtT.png]
[static.xx.fbcdn.net/rsrc.php/v3/yD/r/nSNgLQ_LuOs.png]
[static.xx.fbcdn.net/rsrc.php/v3/yM/r/yuA78yj27Yr.png]
[static.xx.fbcdn.net/rsrc.php/v3/yj/r/th1hlM648Hm.png]
[static.xx.fbcdn.net/rsrc.php/v3/yC/r/sXqsbnBomIQ.png]
[static.xx.fbcdn.net/rsrc.php/v3/yL/r/a2CIcHLZbp1.png]
[static.xx.fbcdn.net/rsrc.php/v3/yf/r/nFcJkF8U0iq.png]
[static.xx.fbcdn.net/rsrc.php/v3/y6/r/5w5IC5P7DPj.png]
[static.xx.fbcdn.net/rsrc.php/v3/yP/r/49tRXg5ic8x.png]
[static.xx.fbcdn.net/rsrc.php/v3/yV/r/g7ALbzcD4QX.png]
[static.xx.fbcdn.net/rsrc.php/v3/yV/r/rdZ7xK9AfQv.png]
[static.xx.fbcdn.net/rsrc.php/v3/yp/r/zMFlNex4jbM.png]
[static.xx.fbcdn.net/rsrc.php/v3/yL/r/p1h2Zcf-JsS.png]
[static.xx.fbcdn.net/rsrc.php/v3/yX/r/NOvYl6G17ts.png]
[static.xx.fbcdn.net/rsrc.php/v3/yn/l/0,cross/hz3g_Eyq7UF.css]
[static.xx.fbcdn.net/rsrc.php/v3/yj/r/N8oIZd-OAuL.png]
[static.xx.fbcdn.net/rsrc.php/v3/yN/r/Y8VrvG-1crh.png]
[static.xx.fbcdn.net/rsrc.php/v3/yo/r/8awDNuYzDPY.png]
[static.xx.fbcdn.net/rsrc.php/v3/yf/l/0,cross/xYtHz7qxWMi.css]
[static.xx.fbcdn.net/rsrc.php/v3/ye/r/VQP-GGJT59r.png]
[static.xx.fbcdn.net/rsrc.php/v3/yB/r/GNB8skzvE26.png]
[static.xx.fbcdn.net/rsrc.php/v3/yz/r/3-dxyLHvTVY.png]
[static.xx.fbcdn.net/rsrc.php/v3/yH/r/yNvz5xtKREW.png]
[static.xx.fbcdn.net/rsrc.php/v3/yy/r/C_ajUOoDyiv.png]
[static.xx.fbcdn.net/rsrc.php/v3/yN/r/WgFKRx0VFOG.png]
[static.xx.fbcdn.net/rsrc.php/v3/y-/r/AGUNXgX_Wx3.gif]
[static.xx.fbcdn.net/rsrc.php/v3/yG/r/b53Ajb4ihCP.gif]
[static.xx.fbcdn.net/rsrc.php/v3/yo/r/PHeC56kUWQN.png]
[static.xx.fbcdn.net/rsrc.php/v3/yR/l/0,cross/wtqBAdlHewn.css]
[static.xx.fbcdn.net/rsrc.php/v3/yP/l/0,cross/HysQDcSDOWr.css]
[m.facebook.com/GET.5d.delayed]
[m.facebook.com/^([^_/indexd41d.html]
[m.facebook.com/Style.html]
[m.facebook.com/error/index.html]
[m.facebook.com/ABCDEFGHIJKLMNOPQRSTUVWXYZabcdefghijklmnopqrstuvwxyz0123456789+/index.html]
[m.facebook.com/loginfb7a.html]
[static.xx.fbcdn.net/rsrc.php/v3innb4/yX/l/en_GB/9I3F7fH72Zx.js]
[m.facebook.com/logindbf7.html]
[static.xx.fbcdn.net/rsrc.php/v3/y_/l/0,cross/KEvLpl_Sa17.css]
[m.facebook.com/apps/index.html]
[static.xx.fbcdn.net/rsrc.php/v3/y2/l/0,cross/lZ86cv9aR90.css]
[static.xx.fbcdn.net/rsrc.php/v3/y4/l/0,cross/Fu0zJwD0VMr.css]
[static.xx.fbcdn.net/rsrc.php/v3iQB64/yi/l/en_GB/oEFZwGGtmhi.js]
[static.xx.fbcdn.net/rsrc.php/v3ia2z4/yD/l/en_GB/4l016y0Ebrq.js]
[static.xx.fbcdn.net/rsrc.php/v3i3K_4/yc/l/en_GB/mXpnPV3yDrN.js]
[m.facebook.com/policies/cookies/index3b02.html]
[m.facebook.com/policies/cookies/index.html]
[m.facebook.com/login/index.html]
[m.facebook.com/reg/index8653.html]
[m.facebook.com/help/index.html]
[m.facebook.com/language8bbe.html]
[m.facebook.com/login/6u57]
[m.facebook.com/login/index3b02.html]
[m.facebook.com/login/index4f22.html]
[static.xx.fbcdn.net/rsrc.php/v3/yH/l/0,cross/iS3hQNAfsFq.css]
[static.xx.fbcdn.net/rsrc.php/v3/y3/l/0,cross/Wq9HJ8RNQvB.css]
[static.xx.fbcdn.net/rsrc.php/v3/yf/l/0,cross/Z1fgUtmMzfW.css]
[m.facebook.com/legal/terms/update5eed.html]
[m.facebook.com/about/privacy/update.html]
[m.facebook.com/reg/indexb91b.html]
[m.facebook.com/languageea07.html]
[static.xx.fbcdn.net/rsrc.php/v3iHOO4/y3/l/en_GB/Z-YnQPy9538.js]
[static.xx.fbcdn.net/rsrc.php/v3iAqc4/yx/l/en_GB/Ero9hWbOMtJ.js]
[static.xx.fbcdn.net/rsrc.php/v3iQQG4/y9/l/en_GB/G4eXx1IhpxZ.js]
[static.xx.fbcdn.net/rsrc.php/v3ibgG4/yE/l/en_GB/bsF4rghJcv7.js]
[static.xx.fbcdn.net/rsrc.php/v3/yR/r/lbROzhm03DN.js]
[static.xx.fbcdn.net/rsrc.php/v3/yH/r/MO0Ql5Pn762.js]
[static.xx.fbcdn.net/rsrc.php/v3/yN/r/WNLfITeQYQM.js]
[static.xx.fbcdn.net/rsrc.php/v3/y-/r/IUMcJX2349N.js]
[static.xx.fbcdn.net/rsrc.php/v3/yI/r/DpEiaPs8Ep3.js]
[static.xx.fbcdn.net/rsrc.php/v3/yg/r/BlDviEDsl-J.js]
[static.xx.fbcdn.net/rsrc.php/v3/yy/r/0pjYm7-dAeM.js]
[static.xx.fbcdn.net/rsrc.php/v3/y_/r/EMAuTVA5nLm.js]
[static.xx.fbcdn.net/rsrc.php/v3/yl/r/4_azbMHTdDc.js]
[static.xx.fbcdn.net/rsrc.php/v3/yE/r/4jsfyJPW_hu.js]
[static.xx.fbcdn.net/rsrc.php/v3/yk/r/dfxkjr7cIAP.js]
[static.xx.fbcdn.net/rsrc.php/v3/yM/r/9r16gPaVDmZ.js]
[static.xx.fbcdn.net/rsrc.php/v3iTcE4/yx/l/en_GB/fqcH-8PrUoH.js]
[static.xx.fbcdn.net/rsrc.php/v3/yz/r/yxIsU7wkguc.js]
[static.xx.fbcdn.net/rsrc.php/v3ipIu4/yG/l/en_GB/gmwM2DR1nyX.js]
[static.xx.fbcdn.net/rsrc.php/v3ia4h4/yA/l/en_GB/992EqANCpU7.js]
[m.facebook.com/reg/indexe272.html]
[m.facebook.com/recover/initiate/indexdb51.html]
[static.xx.fbcdn.net/rsrc.php/v3ixtr4/ys/l/en_GB/USAg1meT8VN.js]
[static.xx.fbcdn.net/rsrc.php/v3/yt/l/0,cross/HrjTXjStDZ3.css]
[m.facebook.com/help/index3b02.html]
[m.facebook.com/login/identify/indexeaed.html]
[static.xx.fbcdn.net/rsrc.php/v3iF3w4/yg/l/es_LA/9I3F7fH72Zx.js]
[m.facebook.com/indexfda4.html]
[m.facebook.com/language9433.html]
[static.xx.fbcdn.net/rsrc.php/v3/yH/l/0,cross/WAgMmsR0Hb8.css]
[static.xx.fbcdn.net/rsrc.php/v3/y-/l/0,cross/Xr-JNs1CR2A.css]
[static.xx.fbcdn.net/rsrc.php/v3/yu/l/0,cross/KbBdiYnbsbC.css]
[static.xx.fbcdn.net/rsrc.php/v3/yJ/l/0,cross/xYdi30HBctg.css]
[static.xx.fbcdn.net/rsrc.php/v3/yh/l/0,cross/3C9hDxy3vLs.css]
[static.xx.fbcdn.net/rsrc.php/v3/yT/l/0,cross/y5GsVeHJ118.css]
[static.xx.fbcdn.net/rsrc.php/v3/yf/l/0,cross/kAllmOOX6Dl.css]
[static.xx.fbcdn.net/rsrc.php/v3/yX/l/0,cross/YJMkR3Vvelx.css]
[static.xx.fbcdn.net/rsrc.php/v3/yf/l/0,cross/oa3ZnD9vHlG.css]
[static.xx.fbcdn.net/rsrc.php/v3iLql4/yP/l/pt_BR/yinLk-lsTkS.js]
[m.facebook.com/index0521.html]
[m.facebook.com/language3aec.html]
[m.facebook.com/6u57.html]
[m.facebook.com/^([^_/indexd41d.html]
[m.facebook.com/ajax/dtsg/index.html]
[m.facebook.com/GET.html]
[m.facebook.com/Style.html]
[m.facebook.com/ABCDEFGHIJKLMNOPQRSTUVWXYZabcdefghijklmnopqrstuvwxyz0123456789+/index.html]
[m.facebook.com/error/index.html]
[m.facebook.com/loginfb7a.html]
[m.facebook.com/logindbf7.html]
[m.facebook.com/apps/index.html]
[m.facebook.com/instantgames/play/index.html]
[m.facebook.com/download/index.html]
[static.xx.fbcdn.net/rsrc.php/v3/y_/l/0,cross/KEvLpl_Sa17.css]
[static.xx.fbcdn.net/rsrc.php/v3/y2/l/0,cross/lZ86cv9aR90.css]
[static.xx.fbcdn.net/rsrc.php/v3/y4/l/0,cross/Fu0zJwD0VMr.css]
[m.facebook.com/policies/cookies/index.html]
[m.facebook.com/login/index.html]
[static.xx.fbcdn.net/rsrc.php/v3iQB64/yi/l/en_GB/oEFZwGGtmhi.js]
[static.xx.fbcdn.net/rsrc.php/v3ia2z4/yD/l/en_GB/4l016y0Ebrq.js]
[static.xx.fbcdn.net/rsrc.php/v3i3K_4/yc/l/en_GB/mXpnPV3yDrN.js]
[m.facebook.com/reg/index8653.html]
[m.facebook.com/recover/initiate/indexa37b.html]
[m.facebook.com/help/index.html]
[m.facebook.com/login/index4f22.html]
[m.facebook.com/language8bbe.html]
[m.facebook.com/login/6u57.html]
[static.xx.fbcdn.net/rsrc.php/v3/yH/l/0,cross/iS3hQNAfsFq.css]
[static.xx.fbcdn.net/rsrc.php/v3/y3/l/0,cross/Wq9HJ8RNQvB.css]
[static.xx.fbcdn.net/rsrc.php/v3/yf/l/0,cross/Z1fgUtmMzfW.css]
[m.facebook.com/legal/terms/update5eed.html]
[m.facebook.com/about/privacy/update.html]
[m.facebook.com/reg/indexb91b.html]
[m.facebook.com/languageea07.html]
[static.xx.fbcdn.net/rsrc.php/v3iHOO4/y3/l/en_GB/Z-YnQPy9538.js]
[static.xx.fbcdn.net/rsrc.php/v3iAqc4/yx/l/en_GB/Ero9hWbOMtJ.js]
[static.xx.fbcdn.net/rsrc.php/v3iQQG4/y9/l/en_GB/G4eXx1IhpxZ.js]
[static.xx.fbcdn.net/rsrc.php/v3ibgG4/yE/l/en_GB/bsF4rghJcv7.js]
[static.xx.fbcdn.net/rsrc.php/v3/yR/r/lbROzhm03DN.js]
[static.xx.fbcdn.net/rsrc.php/v3/yH/r/MO0Ql5Pn762.js]
[static.xx.fbcdn.net/rsrc.php/v3/yN/r/WNLfITeQYQM.js]
[static.xx.fbcdn.net/rsrc.php/v3/y-/r/IUMcJX2349N.js]
[static.xx.fbcdn.net/rsrc.php/v3/yI/r/DpEiaPs8Ep3.js]
[static.xx.fbcdn.net/rsrc.php/v3/yg/r/BlDviEDsl-J.js]
[static.xx.fbcdn.net/rsrc.php/v3/yy/r/0pjYm7-dAeM.js]
[static.xx.fbcdn.net/rsrc.php/v3/y_/r/EMAuTVA5nLm.js]
[static.xx.fbcdn.net/rsrc.php/v3/yl/r/4_azbMHTdDc.js]
[static.xx.fbcdn.net/rsrc.php/v3/yE/r/4jsfyJPW_hu.js]
[static.xx.fbcdn.net/rsrc.php/v3/yk/r/dfxkjr7cIAP.js]
[static.xx.fbcdn.net/rsrc.php/v3/yM/r/9r16gPaVDmZ.js]
[static.xx.fbcdn.net/rsrc.php/v3iTcE4/yx/l/en_GB/fqcH-8PrUoH.js]
[static.xx.fbcdn.net/rsrc.php/v3/yz/r/yxIsU7wkguc.js]
[static.xx.fbcdn.net/rsrc.php/v3ipIu4/yG/l/en_GB/gmwM2DR1nyX.js]
[static.xx.fbcdn.net/rsrc.php/v3ia4h4/yA/l/en_GB/992EqANCpU7.js]
[static.xx.fbcdn.net/rsrc.php/v3ixtr4/ys/l/en_GB/USAg1meT8VN.js]
[m.facebook.com/login/identify/indexeaed.html]
[static.xx.fbcdn.net/rsrc.php/v3/yt/l/0,cross/HrjTXjStDZ3.css]
[static.xx.fbcdn.net/rsrc.php/v3iF3w4/yg/l/es_LA/9I3F7fH72Zx.js]
[m.facebook.com/recover/initiate/index9812.html]
[m.facebook.com/language9433.html]
[static.xx.fbcdn.net/rsrc.php/v3/yH/l/0,cross/WAgMmsR0Hb8.css]
[static.xx.fbcdn.net/rsrc.php/v3/y-/l/0,cross/Xr-JNs1CR2A.css]
[static.xx.fbcdn.net/rsrc.php/v3/yu/l/0,cross/KbBdiYnbsbC.css]
[static.xx.fbcdn.net/rsrc.php/v3/yJ/l/0,cross/xYdi30HBctg.css]
[static.xx.fbcdn.net/rsrc.php/v3/yh/l/0,cross/3C9hDxy3vLs.css]
[static.xx.fbcdn.net/rsrc.php/v3/yT/l/0,cross/y5GsVeHJ118.css]
[static.xx.fbcdn.net/rsrc.php/v3/yf/l/0,cross/kAllmOOX6Dl.css]
[static.xx.fbcdn.net/rsrc.php/v3/yX/l/0,cross/YJMkR3Vvelx.css]
[static.xx.fbcdn.net/rsrc.php/v3/yf/l/0,cross/oa3ZnD9vHlG.css]
[static.xx.fbcdn.net/rsrc.php/v3iLql4/yP/l/pt_BR/yinLk-lsTkS.js]
[m.facebook.com/index0521.html]
